"""
@generated by mypy-protobuf.  Do not edit manually!
isort:skip_file
"""
import google.protobuf.descriptor

DESCRIPTOR: google.protobuf.descriptor.FileDescriptor = ...

test_field_extension: google.protobuf.descriptor.FieldDescriptor = ...

test_message_option: google.protobuf.descriptor.FieldDescriptor = ...
