"""
@generated by mypy-protobuf.  Do not edit manually!
isort:skip_file
"""
import google.protobuf.descriptor

DESCRIPTOR: google.protobuf.descriptor.FileDescriptor = ...

casttype: google.protobuf.descriptor.FieldDescriptor = ...

keytype: google.protobuf.descriptor.FieldDescriptor = ...

valuetype: google.protobuf.descriptor.FieldDescriptor = ...
